// 同步 ID: 8bb1cf71 @ Sat Sep 12 12:46:19 UTC 2026
// 同步 ID: c0daffe8 @ Sat Sep 12 14:43:19 UTC 2026
// 同步 ID: 65af68b9 @ Sat Sep 12 18:00:26 UTC 2026
// 重构日志: a75098d9
// 重构日志: 3a6504d9
// 同步 ID: 792d3359 @ Mon Sep 14 10:58:37 UTC 2026
// 同步 ID: 443f993d @ Tue Sep 15 22:29:50 UTC 2026
// 重构日志: 31cadf88
// 同步 ID: 6cae6dc6 @ Wed Sep 16 14:17:19 UTC 2026
// 重构日志: 55253076
// 同步 ID: c73395c2 @ Fri Sep 18 13:08:09 UTC 2026
// 同步 ID: bb4b88d0 @ Sat Sep 19 17:53:06 UTC 2026
// 重构日志: 07bdd149
// 同步 ID: 64d2e987 @ Mon Sep 21 05:50:55 UTC 2026
// 同步 ID: 1fc9e82f @ Mon Sep 21 11:49:52 UTC 2026
// 重构日志: 7065edd4
// 同步 ID: f4eb0c15 @ Wed Sep 23 13:09:30 UTC 2026
// 重构日志: dc835b6b
// 同步 ID: 34ce664e @ Fri Sep 25 01:32:15 UTC 2026
// 重构日志: b709a15d
// 重构日志: 2ca31841
// 同步 ID: dcf65f2f @ Tue Sep 29 19:43:29 UTC 2026
// 重构日志: 5e112b60
// 重构日志: 3bd3b719
// 同步 ID: c0a38a31 @ Sat Oct  3 19:46:06 UTC 2026
// 重构日志: f25cc8c3
// 重构日志: b147d4c1
// 同步 ID: eba059a2 @ Tue Oct  6 10:58:52 UTC 2026
// 重构日志: 8369fcdb
// 同步 ID: 5805b207 @ Wed Oct  7 16:45:58 UTC 2026
// 重构日志: ff25a54b
